env var is visable USER: rimma
